2026-06-09 18:24:24,143 [main] INFO: Mounted frontend static files from C:\Users\PegionFish\Desktop\LapTalk_NewsAggregationTool\news-web\frontend\dist
2026-06-10 09:53:38,570 [main] INFO: Mounted frontend static files from C:\Users\PegionFish\Desktop\LapTalk_NewsAggregationTool\news-web\frontend\dist
2026-06-10 09:53:38,571 [apscheduler.scheduler] INFO: Adding job tentatively -- it will be properly scheduled when the scheduler starts
2026-06-10 09:53:38,571 [apscheduler.scheduler] INFO: Adding job tentatively -- it will be properly scheduled when the scheduler starts
2026-06-10 09:53:38,571 [apscheduler.scheduler] INFO: Adding job tentatively -- it will be properly scheduled when the scheduler starts
2026-06-10 09:53:38,573 [apscheduler.scheduler] INFO: Added job "_run_pipeline_job" to job store "default"
2026-06-10 09:53:38,574 [apscheduler.scheduler] INFO: Added job "_run_pipeline_job" to job store "default"
2026-06-10 09:53:38,574 [apscheduler.scheduler] INFO: Added job "_backup_db" to job store "default"
2026-06-10 09:53:38,574 [apscheduler.scheduler] INFO: Scheduler started
2026-06-10 09:53:38,574 [scheduler] INFO: Pipeline scheduler started: daily 10:00 / 17:00, backup at 03:00
2026-06-10 09:55:25,032 [main] INFO: Mounted frontend static files from C:\Users\PegionFish\Desktop\LapTalk_NewsAggregationTool\news-web\frontend\dist
2026-06-10 09:55:25,033 [apscheduler.scheduler] INFO: Adding job tentatively -- it will be properly scheduled when the scheduler starts
2026-06-10 09:55:25,033 [apscheduler.scheduler] INFO: Adding job tentatively -- it will be properly scheduled when the scheduler starts
2026-06-10 09:55:25,033 [apscheduler.scheduler] INFO: Adding job tentatively -- it will be properly scheduled when the scheduler starts
2026-06-10 09:55:25,035 [apscheduler.scheduler] INFO: Added job "_run_pipeline_job" to job store "default"
2026-06-10 09:55:25,035 [apscheduler.scheduler] INFO: Added job "_run_pipeline_job" to job store "default"
2026-06-10 09:55:25,035 [apscheduler.scheduler] INFO: Added job "_backup_db" to job store "default"
2026-06-10 09:55:25,035 [apscheduler.scheduler] INFO: Scheduler started
2026-06-10 09:55:25,035 [scheduler] INFO: Pipeline scheduler started: daily 10:00 / 17:00, backup at 03:00
2026-06-10 09:55:25,036 [scheduler] INFO: Pipeline scheduler stopped
2026-06-10 09:55:25,036 [apscheduler.scheduler] INFO: Scheduler has been shut down
2026-06-10 09:55:45,550 [main] INFO: Mounted frontend static files from C:\Users\PegionFish\Desktop\LapTalk_NewsAggregationTool\news-web\frontend\dist
2026-06-10 09:55:45,550 [apscheduler.scheduler] INFO: Adding job tentatively -- it will be properly scheduled when the scheduler starts
2026-06-10 09:55:45,551 [apscheduler.scheduler] INFO: Adding job tentatively -- it will be properly scheduled when the scheduler starts
2026-06-10 09:55:45,551 [apscheduler.scheduler] INFO: Adding job tentatively -- it will be properly scheduled when the scheduler starts
2026-06-10 09:55:45,552 [apscheduler.scheduler] INFO: Added job "_run_pipeline_job" to job store "default"
2026-06-10 09:55:45,552 [apscheduler.scheduler] INFO: Added job "_run_pipeline_job" to job store "default"
2026-06-10 09:55:45,552 [apscheduler.scheduler] INFO: Added job "_backup_db" to job store "default"
2026-06-10 09:55:45,553 [apscheduler.scheduler] INFO: Scheduler started
2026-06-10 09:55:45,553 [scheduler] INFO: Pipeline scheduler started: daily 10:00 / 17:00, backup at 03:00
2026-06-10 09:58:06,504 [main] INFO: Mounted frontend static files from C:\Users\PegionFish\Desktop\LapTalk_NewsAggregationTool\news-web\frontend\dist
2026-06-10 10:00:00,001 [apscheduler.executors.default] INFO: Running job "_run_pipeline_job (trigger: cron[hour='10', minute='0'], next run at: 2026-06-11 10:00:00 CST)" (scheduled at 2026-06-10 10:00:00+08:00)
2026-06-10 10:00:00,001 [scheduler] INFO: Scheduled pipeline starting...
2026-06-10 10:00:00,002 [pipeline.run_all] INFO: [Pipeline] RSS 抓取...
2026-06-10 10:00:00,131 [pipeline.run_all] ERROR: [Pipeline] RSS 抓取 失败: Traceback (most recent call last):
  File "C:\Users\PegionFish\Desktop\LapTalk_NewsAggregationTool\news-web\backend\pipeline\fetch_english_news.py", line 577, in <module>
    main()
    ~~~~^^
  File 
2026-06-10 10:00:00,132 [scheduler] ERROR: Scheduled pipeline failed
2026-06-10 10:00:00,132 [apscheduler.executors.default] INFO: Job "_run_pipeline_job (trigger: cron[hour='10', minute='0'], next run at: 2026-06-11 10:00:00 CST)" executed successfully
2026-06-10 10:00:15,896 [main] INFO: Mounted frontend static files from C:\Users\PegionFish\Desktop\LapTalk_NewsAggregationTool\news-web\frontend\dist
2026-06-10 10:00:15,897 [apscheduler.scheduler] INFO: Adding job tentatively -- it will be properly scheduled when the scheduler starts
2026-06-10 10:00:15,897 [apscheduler.scheduler] INFO: Adding job tentatively -- it will be properly scheduled when the scheduler starts
2026-06-10 10:00:15,898 [apscheduler.scheduler] INFO: Adding job tentatively -- it will be properly scheduled when the scheduler starts
2026-06-10 10:00:15,901 [apscheduler.scheduler] INFO: Added job "_run_pipeline_job" to job store "default"
2026-06-10 10:00:15,901 [apscheduler.scheduler] INFO: Added job "_run_pipeline_job" to job store "default"
2026-06-10 10:00:15,902 [apscheduler.scheduler] INFO: Added job "_backup_db" to job store "default"
2026-06-10 10:00:15,902 [apscheduler.scheduler] INFO: Scheduler started
2026-06-10 10:00:15,902 [scheduler] INFO: Pipeline scheduler started: daily 10:00 / 17:00, backup at 03:00
2026-06-10 10:00:15,902 [scheduler] INFO: Pipeline scheduler stopped
2026-06-10 10:00:15,902 [apscheduler.scheduler] INFO: Scheduler has been shut down
2026-06-10 10:11:48,585 [main] INFO: Mounted frontend static files from C:\Users\PegionFish\Desktop\LapTalk_NewsAggregationTool\news-web\frontend\dist
